Initial Load 0 at 15:02:50
Initial Load 1 at 15:02:50
Initial Load 2 at 15:02:50
Initial Load 3 at 15:02:50
Initial Load 4 at 15:02:50
Initial Load 5 at 15:02:50
Initial Load 6 at 15:02:50
Initial Load 7 at 15:02:50
Initial Load 8 at 15:02:50
Initial Load 9 at 15:02:50
Initial Load 10 at 15:02:50
Initial Load 11 at 15:02:50
Initial Load 12 at 15:02:50
Initial Load 13 at 15:02:50
Initial Load 14 at 15:02:50
Live Update 6631 at 15:02:50
Live Update 7962 at 15:02:51
Live Update 2754 at 15:02:52
Live Update 4708 at 15:02:53
Live Update 9235 at 15:02:54
Live Update 8459 at 15:02:55
Live Update 8864 at 15:02:56
Live Update 8256 at 15:02:57
Live Update 2124 at 15:02:58
Live Update 4979 at 15:02:59
Live Update 7848 at 15:03:00
Live Update 2706 at 15:03:01
Live Update 2562 at 15:03:02
Live Update 7086 at 15:03:03
Live Update 4241 at 15:03:04
Live Update 9436 at 15:03:05
Live Update 1209 at 15:03:06
Live Update 9162 at 15:03:07
Live Update 6225 at 15:03:08
Live Update 5598 at 15:03:09
Live Update 8282 at 15:03:10
Live Update 9556 at 15:03:11
Live Update 2351 at 15:03:12
Live Update 6854 at 15:03:13
Live Update 3172 at 15:03:14
Live Update 4927 at 15:03:15
Live Update 4238 at 15:03:16
Live Update 6524 at 15:03:17
Live Update 2725 at 15:03:18
Live Update 1668 at 15:03:19
Live Update 9211 at 15:03:20
Live Update 5241 at 15:03:21
Live Update 3577 at 15:03:22
Live Update 4408 at 15:03:23
Live Update 5415 at 15:03:24
Live Update 5025 at 15:03:25
Live Update 3946 at 15:03:26
Live Update 9994 at 15:03:27
Live Update 3338 at 15:03:28
Live Update 6273 at 15:03:29
Live Update 6914 at 15:03:30
Live Update 8047 at 15:03:31
Live Update 5288 at 15:03:32
Live Update 7282 at 15:03:33
Live Update 9554 at 15:03:34
Live Update 5107 at 15:03:35
Live Update 8571 at 15:03:36
Live Update 1755 at 15:03:37
Live Update 1350 at 15:03:38
Live Update 1456 at 15:03:39
Live Update 4868 at 15:03:40
Live Update 6536 at 15:03:41
Live Update 3811 at 15:03:42
Live Update 8341 at 15:03:43
Live Update 5169 at 15:03:44
Live Update 8416 at 15:03:45
Live Update 9522 at 15:03:46
Live Update 6225 at 15:03:47
Live Update 4690 at 15:03:48
Live Update 5229 at 15:03:49
Live Update 1203 at 15:03:50
Live Update 8005 at 15:03:51
Live Update 3489 at 15:03:52
Live Update 9675 at 15:03:53
Live Update 9692 at 15:03:54
Live Update 4428 at 15:03:55
Live Update 8629 at 15:03:56
Live Update 1724 at 15:03:57
Live Update 6516 at 15:03:58
Live Update 9276 at 15:03:59
Live Update 4494 at 15:04:00
Live Update 4120 at 15:04:01
Live Update 7062 at 15:04:02
Live Update 5558 at 15:04:03
Live Update 5509 at 15:04:04
Live Update 4957 at 15:04:05
Live Update 9574 at 15:04:06
Initial Load 0 at 15:29:55
Initial Load 1 at 15:29:55
Initial Load 2 at 15:29:55
Initial Load 3 at 15:29:55
Initial Load 4 at 15:29:55
Initial Load 5 at 15:29:55
Initial Load 6 at 15:29:55
Initial Load 7 at 15:29:55
Initial Load 8 at 15:29:55
Initial Load 9 at 15:29:55
Initial Load 10 at 15:29:55
Initial Load 11 at 15:29:55
Initial Load 12 at 15:29:55
Initial Load 13 at 15:29:55
Initial Load 14 at 15:29:55
Live Update 8673 at 15:29:55
Live Update 8786 at 15:29:56
Live Update 7387 at 15:29:57
Live Update 5407 at 15:29:58
Live Update 3119 at 15:29:59
Live Update 3394 at 15:30:00
Live Update 6775 at 15:30:01
Live Update 7407 at 15:30:02
Live Update 5434 at 15:30:03
Live Update 5236 at 15:30:04
Live Update 8860 at 15:30:05
Live Update 2966 at 15:30:06
Live Update 5068 at 15:30:07
Live Update 2025 at 15:30:08
Live Update 2863 at 15:30:09
Live Update 7971 at 15:30:10
Live Update 6342 at 15:30:11
Live Update 2533 at 15:30:12
Live Update 5714 at 15:30:13
Live Update 4894 at 15:30:14
Live Update 1110 at 15:30:15
Live Update 4296 at 15:30:16
Live Update 6712 at 15:30:17
Live Update 4770 at 15:30:18
Live Update 4366 at 15:30:19
Live Update 3188 at 15:30:20
Live Update 5926 at 15:30:21
Live Update 9717 at 15:30:22
Live Update 1880 at 15:30:23
Live Update 6657 at 15:30:24
Live Update 7000 at 15:30:25
Live Update 6956 at 15:30:26
Live Update 8760 at 15:30:27
Live Update 8384 at 15:30:28
Live Update 4732 at 15:30:29
Live Update 5851 at 15:30:30
Live Update 9426 at 15:30:31
Live Update 4976 at 15:30:32
Live Update 3708 at 15:30:33
Live Update 3282 at 15:30:34
Live Update 9702 at 15:30:35
Live Update 3097 at 15:30:36
Live Update 8792 at 15:30:37
Live Update 7727 at 15:30:38
Live Update 3469 at 15:30:39
Live Update 4455 at 15:30:40
Live Update 3553 at 15:30:41
Live Update 3587 at 15:30:42
Live Update 5776 at 15:30:43
Live Update 1805 at 15:30:44
Live Update 5127 at 15:30:45
Live Update 5541 at 15:30:46
Live Update 2921 at 15:30:47
Live Update 9421 at 15:30:48
Live Update 7011 at 15:30:49
Live Update 9381 at 15:30:50
Live Update 8270 at 15:30:51
Live Update 6562 at 15:30:52
Live Update 8048 at 15:30:53
Live Update 4922 at 15:30:54
Live Update 5075 at 15:30:55
Live Update 1102 at 15:30:56
Live Update 6096 at 15:30:57
Live Update 5390 at 15:30:58
Live Update 1602 at 15:30:59
Live Update 9362 at 15:31:00
Live Update 9617 at 15:31:01
Live Update 8231 at 15:31:02
Live Update 1792 at 15:31:03
Live Update 2111 at 15:31:04
Live Update 3709 at 15:31:05
Live Update 2388 at 15:31:06
Live Update 4846 at 15:31:07
Live Update 5989 at 15:31:08
Live Update 4723 at 15:31:09
Live Update 3568 at 15:31:10
Live Update 3244 at 15:31:11
Live Update 9152 at 15:31:12
Live Update 5483 at 15:31:13
Live Update 2799 at 15:31:14
Live Update 2878 at 15:31:15
Live Update 4773 at 15:31:16
Live Update 7883 at 15:31:17
Live Update 9156 at 15:31:18
Live Update 2060 at 15:31:19
Live Update 1737 at 15:31:20
Live Update 6400 at 15:31:21
Live Update 8949 at 15:31:22
Live Update 7206 at 15:31:23
Live Update 5955 at 15:31:24
Live Update 5683 at 15:31:25
Live Update 8511 at 15:31:26
Live Update 4792 at 15:31:27
Live Update 9671 at 15:31:28
Live Update 5404 at 15:31:29
Live Update 9536 at 15:31:30
Live Update 5388 at 15:31:31
Live Update 7971 at 15:31:32
Live Update 5394 at 15:31:33
Live Update 2944 at 15:31:34
Live Update 7389 at 15:31:35
Live Update 8011 at 15:31:36
Live Update 6637 at 15:31:37
Live Update 8685 at 15:31:38
Live Update 6322 at 15:31:39
Live Update 8109 at 15:31:40
Live Update 9465 at 15:31:41
Live Update 7945 at 15:31:42
Live Update 7235 at 15:31:43
Live Update 9339 at 15:31:44
Live Update 8969 at 15:31:45
Live Update 9418 at 15:31:46
Live Update 5166 at 15:31:47
Live Update 6095 at 15:31:48
Live Update 9191 at 15:31:49
Live Update 4796 at 15:31:50
Live Update 7951 at 15:31:51
Live Update 5085 at 15:31:52
Live Update 8456 at 15:31:53
Live Update 7670 at 15:31:54
Live Update 8911 at 15:31:55
Live Update 8078 at 15:31:56
Live Update 6814 at 15:31:57
Live Update 4826 at 15:31:58
Live Update 4582 at 15:31:59
Live Update 1172 at 15:32:00
Live Update 4820 at 15:32:01
Live Update 1355 at 15:32:02
Live Update 4520 at 15:32:03
Live Update 1112 at 15:32:04
Live Update 5415 at 15:32:05
Live Update 5502 at 15:32:06
Live Update 8891 at 15:32:07
Live Update 2591 at 15:32:08
Live Update 6098 at 15:32:09
Live Update 3796 at 15:32:10
Live Update 9626 at 15:32:11
Live Update 4297 at 15:32:12
Live Update 6793 at 15:32:13
Live Update 6640 at 15:32:14
Live Update 1934 at 15:32:15
Live Update 5010 at 15:32:16
Live Update 3769 at 15:32:17
Live Update 3904 at 15:32:18
Live Update 1046 at 15:32:19
Live Update 2537 at 15:32:20
Live Update 5812 at 15:32:21
Live Update 3628 at 15:32:22
Live Update 5154 at 15:32:23
Live Update 2160 at 15:32:24
Live Update 2723 at 15:32:25
Live Update 9553 at 15:32:26
Live Update 8626 at 15:32:27
Live Update 2467 at 15:32:28
Live Update 9185 at 15:32:29
Live Update 7358 at 15:32:30
Live Update 6366 at 15:32:31
Live Update 8192 at 15:32:32
Live Update 1039 at 15:32:33
Live Update 1900 at 15:32:35
Live Update 7796 at 15:32:36
Live Update 7303 at 15:32:37
Live Update 7895 at 15:32:38
Live Update 3078 at 15:32:39
Live Update 1313 at 15:32:40
Live Update 9192 at 15:32:41
Live Update 8212 at 15:32:42
Live Update 7540 at 15:32:43
Live Update 9494 at 15:32:44
Live Update 8617 at 15:32:45
Live Update 2779 at 15:32:46
Live Update 5469 at 15:32:47
Live Update 4506 at 15:32:48
Live Update 1411 at 15:32:49
Live Update 3098 at 15:32:50
Live Update 9068 at 15:32:51
Live Update 1803 at 15:32:52
Live Update 3453 at 15:32:53
Live Update 9386 at 15:32:54
Live Update 3058 at 15:32:55
Live Update 7412 at 15:32:56
Live Update 4462 at 15:32:57
Live Update 3377 at 15:32:58
Live Update 8931 at 15:32:59
Live Update 2277 at 15:33:00
Live Update 9290 at 15:33:01
Live Update 6456 at 15:33:02
Live Update 7175 at 15:33:03
Live Update 5372 at 15:33:04
Live Update 9376 at 15:33:05
Live Update 1138 at 15:33:06
Live Update 1848 at 15:33:07
Live Update 5489 at 15:33:08
Initial Load 0 at 15:37:54
Initial Load 1 at 15:37:54
Initial Load 2 at 15:37:54
Initial Load 3 at 15:37:54
Initial Load 4 at 15:37:54
Initial Load 5 at 15:37:54
Initial Load 6 at 15:37:54
Initial Load 7 at 15:37:54
Initial Load 8 at 15:37:54
Initial Load 9 at 15:37:54
Initial Load 10 at 15:37:54
Initial Load 11 at 15:37:54
Initial Load 12 at 15:37:54
Initial Load 13 at 15:37:54
Initial Load 14 at 15:37:54
Live Update 8587 at 15:37:54
Live Update 5265 at 15:37:55
Live Update 3035 at 15:37:56
Live Update 3502 at 15:37:57
Live Update 8045 at 15:37:58
Live Update 7985 at 15:37:59
Live Update 8166 at 15:38:00
Live Update 2697 at 15:38:01
Live Update 2799 at 15:38:02
Live Update 2225 at 15:38:03
Live Update 8746 at 15:38:04
Live Update 7382 at 15:38:05
Live Update 6455 at 15:38:06
Live Update 1847 at 15:38:07
Live Update 2411 at 15:38:08
Live Update 9066 at 15:38:09
Live Update 8868 at 15:38:10
Live Update 9317 at 15:38:11
Live Update 5391 at 15:38:12
Live Update 6568 at 15:38:13
Live Update 3773 at 15:38:14
Live Update 9633 at 15:38:15
Live Update 4326 at 15:38:16
Live Update 7284 at 15:38:17
Live Update 4357 at 15:38:18
Live Update 1208 at 15:38:19
Live Update 3659 at 15:38:20
Live Update 3172 at 15:38:21
Live Update 5529 at 15:38:22
Live Update 4196 at 15:38:23
Live Update 1589 at 15:38:24
Live Update 7173 at 15:38:25
Live Update 9146 at 15:38:26
Live Update 1167 at 15:38:27
Live Update 5892 at 15:38:28
Live Update 6722 at 15:38:29
Live Update 9807 at 15:38:30
Live Update 1262 at 15:38:31
Live Update 9069 at 15:38:32
Live Update 9219 at 15:38:33
Live Update 2393 at 15:38:34
Live Update 6407 at 15:38:35
Live Update 3649 at 15:38:36
Live Update 1410 at 15:38:37
Live Update 6291 at 15:38:38
Live Update 3047 at 15:38:39
Live Update 9075 at 15:38:40
Live Update 2686 at 15:38:41
Live Update 5705 at 15:38:42
Live Update 5281 at 15:38:43
Live Update 3688 at 15:38:44
Live Update 4477 at 15:38:45
Live Update 1847 at 15:38:46
Live Update 6810 at 15:38:47
Live Update 5765 at 15:38:48
Live Update 2430 at 15:38:49
Live Update 7050 at 15:38:50
Live Update 2223 at 15:38:51
Live Update 3567 at 15:38:52
Live Update 3436 at 15:38:53
Live Update 2347 at 15:38:54
Live Update 8892 at 15:38:55
Live Update 4743 at 15:38:56
Live Update 6045 at 15:38:57
Live Update 3117 at 15:38:58
Live Update 7696 at 15:38:59
Live Update 7899 at 15:39:00
Live Update 3801 at 15:39:01
Live Update 4092 at 15:39:02
Live Update 7615 at 15:39:03
Live Update 1336 at 15:39:04
Live Update 9029 at 15:39:05
Live Update 4426 at 15:39:06
Live Update 4713 at 15:39:07
Live Update 6651 at 15:39:08
Live Update 4789 at 15:39:09
Live Update 5258 at 15:39:10
Live Update 9442 at 15:39:11
Live Update 6523 at 15:39:12
Live Update 3984 at 15:39:13
Live Update 4396 at 15:39:14
Live Update 7236 at 15:39:15
Live Update 9625 at 15:39:16
Live Update 5884 at 15:39:17
Live Update 3310 at 15:39:18
Live Update 2658 at 15:39:19
Live Update 3991 at 15:39:20
Live Update 7544 at 15:39:21
Live Update 9276 at 15:39:22
Live Update 7525 at 15:39:23
Live Update 2799 at 15:39:24
Live Update 5437 at 15:39:25
Live Update 5339 at 15:39:26
Live Update 1886 at 15:39:27
Live Update 4727 at 15:39:28
Live Update 8303 at 15:39:29
Live Update 7403 at 15:39:30
Live Update 9599 at 15:39:31
Live Update 6799 at 15:39:32
Live Update 8050 at 15:39:33
Live Update 6287 at 15:39:34
Live Update 6944 at 15:39:35
Live Update 4613 at 15:39:36
Live Update 1052 at 15:39:37
Live Update 3953 at 15:39:38
Live Update 4805 at 15:39:39
Live Update 5679 at 15:39:40
Live Update 7206 at 15:39:41
Live Update 7178 at 15:39:42
Live Update 8344 at 15:39:43
Live Update 4073 at 15:39:44
Live Update 7047 at 15:39:45
Live Update 3588 at 15:39:46
Live Update 6778 at 15:39:47
Live Update 2299 at 15:39:48
Live Update 2341 at 15:39:49
Live Update 9824 at 15:39:50
Live Update 1006 at 15:39:51
Live Update 7469 at 15:39:52
Live Update 1443 at 15:39:53
Live Update 3835 at 15:39:54
Live Update 7916 at 15:39:55
Live Update 2255 at 15:39:56
Live Update 5860 at 15:39:57
Live Update 1475 at 15:39:58
Live Update 8783 at 15:39:59
Live Update 4034 at 15:40:00
Live Update 3984 at 15:40:01
Live Update 5934 at 15:40:02
Live Update 2361 at 15:40:03
Live Update 3200 at 15:40:04
Live Update 4815 at 15:40:05
Live Update 4185 at 15:40:06
Live Update 5904 at 15:40:07
Live Update 1212 at 15:40:08
Live Update 2699 at 15:40:09
Live Update 5273 at 15:40:10
Live Update 2138 at 15:40:11
Live Update 2393 at 15:40:12
Live Update 6436 at 15:40:13
Live Update 4269 at 15:40:14
Live Update 4014 at 15:40:15
Live Update 1034 at 15:40:16
Live Update 4066 at 15:40:17
Live Update 1223 at 15:40:18
Live Update 6227 at 15:40:19
Live Update 3376 at 15:40:20
Live Update 8857 at 15:40:21
Live Update 4704 at 15:40:22
Live Update 9556 at 15:40:23
Live Update 8591 at 15:40:24
Live Update 6904 at 15:40:25
Live Update 4057 at 15:40:26
Live Update 3943 at 15:40:27
Live Update 3630 at 15:40:28
Live Update 7615 at 15:40:29
Live Update 8486 at 15:40:30
Live Update 3083 at 15:40:31
Live Update 1772 at 15:40:32
Live Update 9149 at 15:40:33
Live Update 5897 at 15:40:34
Live Update 1240 at 15:40:35
Live Update 5493 at 15:40:36
Live Update 3442 at 15:40:37
Live Update 3276 at 15:40:38
Live Update 6458 at 15:40:39
Live Update 4149 at 15:40:40
Live Update 8760 at 15:40:41
Live Update 7679 at 15:40:42
Live Update 1002 at 15:40:43
Live Update 3891 at 15:40:44
Live Update 3248 at 15:40:45
Live Update 9675 at 15:40:46
Live Update 6635 at 15:40:47
Live Update 4254 at 15:40:48
Live Update 8006 at 15:40:49
Live Update 1272 at 15:40:50
Live Update 2248 at 15:40:51
Live Update 8029 at 15:40:52
Live Update 1760 at 15:40:53
Live Update 8209 at 15:40:54
Live Update 6960 at 15:40:55
Live Update 6236 at 15:40:56
Live Update 5841 at 15:40:57
Live Update 9910 at 15:40:58
Live Update 6531 at 15:40:59
Live Update 8307 at 15:41:00
Live Update 4539 at 15:41:01
Live Update 2540 at 15:41:02
Live Update 3454 at 15:41:03
Live Update 9594 at 15:41:04
Live Update 3145 at 15:41:05
Live Update 7758 at 15:41:06
Live Update 6645 at 15:41:07
Live Update 9995 at 15:41:08
Live Update 8137 at 15:41:09
Live Update 8300 at 15:41:10
Live Update 5131 at 15:41:11
Live Update 8970 at 15:41:12
Live Update 2773 at 15:41:13
Live Update 7100 at 15:41:14
Live Update 9909 at 15:41:15
Live Update 3409 at 15:41:16
Live Update 2966 at 15:41:17
Live Update 7591 at 15:41:18
Live Update 4367 at 15:41:19
Live Update 1289 at 15:41:20
Live Update 3385 at 15:41:21
Live Update 8151 at 15:41:22
Live Update 1863 at 15:41:23
Live Update 1239 at 15:41:24
Live Update 3922 at 15:41:25
Live Update 7060 at 15:41:26
Live Update 5357 at 15:41:27
Live Update 9959 at 15:41:28
Live Update 1239 at 15:41:29
Live Update 6946 at 15:41:30
Live Update 7002 at 15:41:31
Live Update 3240 at 15:41:32
Live Update 4780 at 15:41:33
Live Update 3828 at 15:41:34
Live Update 9070 at 15:41:35
Live Update 1528 at 15:41:36
Live Update 5187 at 15:41:37
Live Update 5952 at 15:41:38
Live Update 1772 at 15:41:39
Live Update 9977 at 15:41:40
Live Update 7302 at 15:41:41
Live Update 6928 at 15:41:42
Live Update 8952 at 15:41:43
Live Update 6969 at 15:41:44
Live Update 2418 at 15:41:45
Live Update 5899 at 15:41:46
Live Update 4731 at 15:41:47
Live Update 3023 at 15:41:48
Live Update 7592 at 15:41:49
Live Update 7191 at 15:41:50
Live Update 4484 at 15:41:51
Live Update 3737 at 15:41:52
Live Update 8594 at 15:41:53
Live Update 2242 at 15:41:54
Live Update 7010 at 15:41:55
Live Update 2314 at 15:41:56
Live Update 6605 at 15:41:57
Live Update 4364 at 15:41:58
Live Update 8410 at 15:41:59
Live Update 9443 at 15:42:00
Live Update 5797 at 15:42:01
Live Update 8801 at 15:42:02
Live Update 7729 at 15:42:03
Live Update 8048 at 15:42:04
Live Update 8138 at 15:42:05
Live Update 2042 at 15:42:06
Live Update 8314 at 15:42:07
Live Update 9157 at 15:42:08
Live Update 5084 at 15:42:09
Live Update 1894 at 15:42:10
Live Update 1223 at 15:42:11
Live Update 5840 at 15:42:13
Live Update 3262 at 15:42:14
Live Update 1297 at 15:42:15
Live Update 8713 at 15:42:16
Live Update 8132 at 15:42:17
Live Update 8246 at 15:42:18
Live Update 4054 at 15:42:19
Live Update 3958 at 15:42:20
Live Update 9275 at 15:42:21
Live Update 2622 at 15:42:22
Live Update 4548 at 15:42:23
Live Update 7221 at 15:42:24
Live Update 2869 at 15:42:25
Live Update 3405 at 15:42:26
Live Update 4368 at 15:42:27
Live Update 6610 at 15:42:28
Live Update 6207 at 15:42:29
Live Update 2690 at 15:42:30
Live Update 6298 at 15:42:31
Live Update 8608 at 15:42:32
Live Update 5895 at 15:42:33
Live Update 5542 at 15:42:34
Live Update 2669 at 15:42:35
Live Update 3793 at 15:42:36
Live Update 9892 at 15:42:37
Live Update 3065 at 15:42:38
Live Update 3931 at 15:42:39
Live Update 2559 at 15:42:40
Live Update 1431 at 15:42:41
Live Update 9623 at 15:42:42
Live Update 5753 at 15:42:43
Live Update 5818 at 15:42:44
Live Update 2034 at 15:42:45
Live Update 1615 at 15:42:46
Live Update 7774 at 15:42:47
Live Update 1595 at 15:42:48
Live Update 3742 at 15:42:49
Live Update 5772 at 15:42:50
Live Update 5867 at 15:42:51
Live Update 2165 at 15:42:52
Live Update 7910 at 15:42:53
Live Update 5731 at 15:42:54
Live Update 7048 at 15:42:55
Live Update 4127 at 15:42:56
Live Update 1523 at 15:42:57
Live Update 6560 at 15:42:58
Live Update 6531 at 15:42:59
Live Update 7517 at 15:43:00
Live Update 6085 at 15:43:01
Live Update 1559 at 15:43:02
Live Update 6902 at 15:43:03
Live Update 3372 at 15:43:04
Live Update 1440 at 15:43:05
Live Update 4448 at 15:43:06
Live Update 7644 at 15:43:07
Live Update 5958 at 15:43:08
Live Update 1223 at 15:43:09
Live Update 2802 at 15:43:10
Live Update 4787 at 15:43:11
Live Update 6904 at 15:43:12
Live Update 1374 at 15:43:13
Live Update 7525 at 15:43:14
Live Update 5607 at 15:43:15
Live Update 7873 at 15:43:16
Live Update 5671 at 15:43:17
Live Update 9398 at 15:43:18
Live Update 8788 at 15:43:19
Live Update 1740 at 15:43:20
Live Update 5083 at 15:43:21
Live Update 9443 at 15:43:22
Live Update 7629 at 15:43:23
Live Update 6509 at 15:43:24
Live Update 3561 at 15:43:25
Live Update 6223 at 15:43:26
Live Update 2193 at 15:43:27
Live Update 1462 at 15:43:28
Live Update 9432 at 15:43:29
Live Update 1632 at 15:43:30
Live Update 2551 at 15:43:31
Live Update 8094 at 15:43:32
Live Update 6348 at 15:43:33
Live Update 8458 at 15:43:34
Live Update 5008 at 15:43:35
Live Update 2085 at 15:43:36
Live Update 2246 at 15:43:37
Live Update 3583 at 15:43:38
Live Update 5742 at 15:43:39
Live Update 7703 at 15:43:40
Live Update 5308 at 15:43:41
Live Update 7423 at 15:43:42
Live Update 9590 at 15:43:43
Live Update 5585 at 15:43:44
Live Update 6640 at 15:43:45
Live Update 8313 at 15:43:46
Live Update 7932 at 15:43:47
Live Update 2183 at 15:43:48
Live Update 5746 at 15:43:49
Live Update 9216 at 15:43:50
Live Update 7812 at 15:43:51
Live Update 2914 at 15:43:52
Live Update 9170 at 15:43:53
Live Update 7319 at 15:43:54
Live Update 7235 at 15:43:55
Live Update 5787 at 15:43:56
Live Update 6816 at 15:43:57
Live Update 6814 at 15:43:58
Live Update 2988 at 15:43:59
Live Update 8679 at 15:44:00
Live Update 2913 at 15:44:01
Live Update 5355 at 15:44:02
Live Update 2941 at 15:44:03
Live Update 3415 at 15:44:04
Live Update 7865 at 15:44:05
Live Update 6635 at 15:44:06
Live Update 7485 at 15:44:07
Live Update 5042 at 15:44:08
Live Update 8666 at 15:44:09
Live Update 1816 at 15:44:10
Live Update 4128 at 15:44:11
Live Update 3156 at 15:44:12
Live Update 7170 at 15:44:13
Live Update 9317 at 15:44:14
Live Update 2656 at 15:44:15
Live Update 7710 at 15:44:16
Live Update 3583 at 15:44:17
Live Update 8395 at 15:44:18
Live Update 4298 at 15:44:19
Live Update 4726 at 15:44:20
Live Update 3832 at 15:44:21
Live Update 7490 at 15:44:22
Live Update 4297 at 15:44:23
Live Update 9030 at 15:44:24
Live Update 7762 at 15:44:25
Live Update 4110 at 15:44:26
Live Update 1793 at 15:44:27
Live Update 2693 at 15:44:28
Live Update 4464 at 15:44:29
Live Update 3007 at 15:44:30
Live Update 3202 at 15:44:31
Live Update 2827 at 15:44:32
Live Update 4988 at 15:44:33
Live Update 9243 at 15:44:34
Live Update 9182 at 15:44:35
Live Update 9931 at 15:44:36
Live Update 3870 at 15:44:37
Live Update 2228 at 15:44:38
Live Update 8579 at 15:44:39
Live Update 8933 at 15:44:40
Live Update 5601 at 15:44:41
Live Update 5742 at 15:44:42
Live Update 3214 at 15:44:43
Live Update 7896 at 15:44:44
Live Update 1360 at 15:44:45
Live Update 7044 at 15:44:46
Live Update 2056 at 15:44:47
Live Update 1017 at 15:44:48
Live Update 6032 at 15:44:49
Live Update 7378 at 15:44:50
Live Update 2644 at 15:44:51
Live Update 3368 at 15:44:52
Live Update 2161 at 15:44:53
Live Update 1973 at 15:44:54
Live Update 5745 at 15:44:55
Live Update 4569 at 15:44:56
Live Update 7235 at 15:44:57
Live Update 4772 at 15:44:58
Live Update 7939 at 15:44:59
Live Update 7436 at 15:45:00
Live Update 5505 at 15:45:01
Live Update 3423 at 15:45:02
Live Update 7478 at 15:45:03
Live Update 2595 at 15:45:04
Live Update 1444 at 15:45:05
Live Update 5219 at 15:45:06
Live Update 6996 at 15:45:07
Live Update 4626 at 15:45:08
Live Update 5199 at 15:45:09
Live Update 9829 at 15:45:10
Live Update 1530 at 15:45:11
Live Update 2875 at 15:45:12
Live Update 3363 at 15:45:13
Live Update 9029 at 15:45:14
Live Update 3109 at 15:45:15
Live Update 9900 at 15:45:16
Live Update 1848 at 15:45:17
Live Update 3678 at 15:45:18
Live Update 5409 at 15:45:19
Live Update 8704 at 15:45:20
Live Update 2481 at 15:45:21
Live Update 7059 at 15:45:22
Live Update 1548 at 15:45:23
Live Update 2441 at 15:45:24
Live Update 4602 at 15:45:25
Live Update 9262 at 15:45:26
Live Update 2082 at 15:45:27
Live Update 1615 at 15:45:28
Live Update 8783 at 15:45:29
Live Update 8780 at 15:45:30
Live Update 5936 at 15:45:31
Live Update 4718 at 15:45:32
Live Update 8291 at 15:45:33
Live Update 8000 at 15:45:34
Live Update 4067 at 15:45:35
Live Update 9478 at 15:45:36
Live Update 8821 at 15:45:37
Live Update 9670 at 15:45:38
Live Update 4031 at 15:45:39
Live Update 7451 at 15:45:40
Live Update 5779 at 15:45:41
Live Update 7792 at 15:45:42
Live Update 8350 at 15:45:43
Live Update 7044 at 15:45:44
Live Update 5359 at 15:45:45
Live Update 9622 at 15:45:46
Live Update 7567 at 15:45:47
Live Update 2923 at 15:45:48
Live Update 8508 at 15:45:49
Live Update 8841 at 15:45:50
Live Update 3828 at 15:45:51
Live Update 2212 at 15:45:52
Live Update 5363 at 15:45:53
Live Update 2962 at 15:45:54
Live Update 8431 at 15:45:55
Live Update 1867 at 15:45:56
Live Update 5420 at 15:45:57
Live Update 1706 at 15:45:58
Live Update 6001 at 15:45:59
Live Update 9831 at 15:46:00
Live Update 3669 at 15:46:01
Live Update 2350 at 15:46:02
Live Update 4678 at 15:46:03
Live Update 3374 at 15:46:04
Live Update 4676 at 15:46:05
Live Update 1000 at 15:46:06
Live Update 5714 at 15:46:07
Live Update 8883 at 15:46:08
Live Update 7948 at 15:46:09
Live Update 7978 at 15:46:10
Live Update 4018 at 15:46:11
Live Update 8424 at 15:46:12
Live Update 2647 at 15:46:13
Live Update 2089 at 15:46:14
Live Update 7804 at 15:46:15
Live Update 3121 at 15:46:16
Live Update 1506 at 15:46:17
Live Update 2340 at 15:46:18
Live Update 1891 at 15:46:19
Live Update 4650 at 15:46:20
Live Update 4908 at 15:46:21
Live Update 5992 at 15:46:22
Live Update 8411 at 15:46:23
Live Update 7793 at 15:46:24
Live Update 6698 at 15:46:25
Live Update 6401 at 15:46:27
Live Update 6642 at 15:46:28
Live Update 2890 at 15:46:29
Live Update 7957 at 15:46:30
Live Update 7451 at 15:46:31
Live Update 4270 at 15:46:32
Live Update 8922 at 15:46:33
Live Update 9188 at 15:46:34
Live Update 4563 at 15:46:35
Live Update 5700 at 15:46:36
Live Update 2341 at 15:46:37
Live Update 7498 at 15:46:38
Live Update 2254 at 15:46:39
Live Update 2190 at 15:46:40
Live Update 1049 at 15:46:41
Live Update 3591 at 15:46:42
Live Update 2104 at 15:46:43
Live Update 6805 at 15:46:44
Live Update 3608 at 15:46:45
Live Update 3890 at 15:46:46
Live Update 5564 at 15:46:47
Live Update 4645 at 15:46:48
Live Update 1759 at 15:46:49
Live Update 7601 at 15:46:50
Live Update 4370 at 15:46:51
Live Update 4722 at 15:46:52
Live Update 1630 at 15:46:53
Live Update 8918 at 15:46:54
Live Update 6205 at 15:46:55
Live Update 4782 at 15:46:56
Live Update 8374 at 15:46:57
Live Update 2026 at 15:46:58
Live Update 9537 at 15:46:59
Live Update 1941 at 15:47:00
Live Update 6672 at 15:47:01
Live Update 7192 at 15:47:02
Live Update 8748 at 15:47:03
Live Update 7510 at 15:47:04
Live Update 9719 at 15:47:05
Live Update 7328 at 15:47:06
Live Update 7801 at 15:47:07
Live Update 9206 at 15:47:08
Live Update 7224 at 15:47:09
Live Update 5256 at 15:47:10
Live Update 6638 at 15:47:11
Live Update 1781 at 15:47:12
Live Update 8694 at 15:47:13
Live Update 1185 at 15:47:14
Live Update 3750 at 15:47:15
Live Update 2210 at 15:47:16
Live Update 4822 at 15:47:17
Live Update 8187 at 15:47:18
Live Update 5063 at 15:47:19
Live Update 6331 at 15:47:20
Live Update 1743 at 15:47:21
Live Update 5314 at 15:47:22
Live Update 2875 at 15:47:23
Live Update 6411 at 15:47:24
Live Update 2440 at 15:47:25
Live Update 8626 at 15:47:26
Live Update 1460 at 15:47:27
Live Update 1477 at 15:47:28
Live Update 4508 at 15:47:29
Live Update 9081 at 15:47:30
Live Update 9919 at 15:47:31
Live Update 2084 at 15:47:32
Live Update 2665 at 15:47:33
Live Update 7912 at 15:47:34
Live Update 9987 at 15:47:35
Live Update 5359 at 15:47:36
Live Update 3974 at 15:47:37
Live Update 9284 at 15:47:38
Live Update 3005 at 15:47:39
Live Update 9408 at 15:47:40
Live Update 9138 at 15:47:41
Live Update 9639 at 15:47:42
Live Update 5248 at 15:47:43
Live Update 7008 at 15:47:44
Live Update 6990 at 15:47:45
Live Update 7045 at 15:47:46
Live Update 2236 at 15:47:47
Live Update 7712 at 15:47:48
Live Update 2118 at 15:47:49
Live Update 4127 at 15:47:50
Live Update 5784 at 15:47:51
Live Update 9791 at 15:47:52
Live Update 1026 at 15:47:53
Live Update 8391 at 15:47:54
Live Update 6138 at 15:47:55
Live Update 9215 at 15:47:56
Live Update 3136 at 15:47:57
Live Update 1860 at 15:47:58
Live Update 2782 at 15:47:59
Live Update 5569 at 15:48:00
Live Update 8089 at 15:48:01
Live Update 4327 at 15:48:02
Live Update 7084 at 15:48:03
Live Update 3519 at 15:48:04
Live Update 2548 at 15:48:05
Live Update 1219 at 15:48:06
Live Update 5147 at 15:48:07
Live Update 1151 at 15:48:08
Live Update 5064 at 15:48:09
Live Update 8013 at 15:48:10
Live Update 3701 at 15:48:11
Live Update 7242 at 15:48:12
Live Update 3788 at 15:48:13
Live Update 2957 at 15:48:14
Live Update 8628 at 15:48:15
Live Update 9797 at 15:48:16
Live Update 6105 at 15:48:17
Live Update 5698 at 15:48:18
Live Update 7998 at 15:48:19
Live Update 2609 at 15:48:20
Live Update 4204 at 15:48:21
Live Update 2884 at 15:48:22
Live Update 3331 at 15:48:23
Live Update 1148 at 15:48:24
Live Update 1610 at 15:48:25
Live Update 5290 at 15:48:26
Live Update 2220 at 15:48:27
Live Update 8390 at 15:48:28
Live Update 8748 at 15:48:29
Live Update 6172 at 15:48:30
Live Update 6077 at 15:48:31
Live Update 8464 at 15:48:32
Live Update 8615 at 15:48:33
Live Update 8508 at 15:48:34
Live Update 9614 at 15:48:35
Live Update 2309 at 15:48:36
Live Update 7201 at 15:48:37
Live Update 6800 at 15:48:38
Live Update 3204 at 15:48:39
Live Update 2980 at 15:48:40
Live Update 5867 at 15:48:41
Live Update 4361 at 15:48:42
Live Update 8763 at 15:48:43
Live Update 4219 at 15:48:44
Live Update 5902 at 15:48:45
Live Update 8337 at 15:48:46
Live Update 6778 at 15:48:47
Live Update 5716 at 15:48:48
Live Update 2383 at 15:48:49
Live Update 7976 at 15:48:50
Live Update 6781 at 15:48:51
Live Update 6476 at 15:48:52
Live Update 1999 at 15:48:53
Live Update 7904 at 15:48:54
Live Update 2331 at 15:48:55
Live Update 1299 at 15:48:56
Live Update 1815 at 15:48:57
Live Update 7644 at 15:48:58
Live Update 7241 at 15:48:59
Live Update 1605 at 15:49:00
Live Update 7182 at 15:49:01
Live Update 9789 at 15:49:02
Live Update 8960 at 15:49:03
Live Update 3518 at 15:49:04
Live Update 4488 at 15:49:05
Live Update 4664 at 15:49:06
Live Update 6541 at 15:49:07
Live Update 3397 at 15:49:08
Live Update 1179 at 15:49:09
Live Update 3464 at 15:49:10
Live Update 8722 at 15:49:11
Live Update 7643 at 15:49:12
Live Update 1205 at 15:49:13
Live Update 1904 at 15:49:14
Live Update 7259 at 15:49:15
Live Update 9186 at 15:49:16
Live Update 9426 at 15:49:17
Live Update 4469 at 15:49:18
Live Update 9450 at 15:49:19
Live Update 4533 at 15:49:20
Live Update 5390 at 15:49:21
Live Update 6735 at 15:49:22
Live Update 2720 at 15:49:23
Live Update 3333 at 15:49:24
Live Update 4337 at 15:49:25
Live Update 8331 at 15:49:26
Live Update 3941 at 15:49:27
Live Update 7283 at 15:49:28
Live Update 4076 at 15:49:29
Live Update 7604 at 15:49:30
Live Update 7654 at 15:49:31
Live Update 3834 at 15:49:32
Live Update 3772 at 15:49:33
Live Update 2338 at 15:49:34
Live Update 7818 at 15:49:35
Live Update 9850 at 15:49:36
Live Update 7308 at 15:49:37
Live Update 1492 at 15:49:38
Live Update 8107 at 15:49:39
Live Update 3532 at 15:49:40
Live Update 4235 at 15:49:41
Live Update 1657 at 15:49:42
Live Update 6515 at 15:49:43
Live Update 1276 at 15:49:44
Live Update 5742 at 15:49:45
Live Update 4312 at 15:49:46
Live Update 4056 at 15:49:47
Live Update 5350 at 15:49:48
Live Update 8759 at 15:49:49
Live Update 9197 at 15:49:50
Live Update 1289 at 15:49:51
Live Update 9681 at 15:49:52
Live Update 1517 at 15:49:53
Live Update 5028 at 15:49:54
Live Update 8553 at 15:49:55
Live Update 5644 at 15:49:56
Live Update 4123 at 15:49:57
Live Update 7165 at 15:49:58
Live Update 2567 at 15:49:59
Live Update 1815 at 15:50:00
Live Update 8452 at 15:50:01
Live Update 6186 at 15:50:02
Live Update 1588 at 15:50:03
Live Update 6552 at 15:50:04
Live Update 6264 at 15:50:05
Live Update 8038 at 15:50:06
Live Update 9144 at 15:50:07
Live Update 5819 at 15:50:08
Live Update 5590 at 15:50:09
Live Update 7367 at 15:50:10
Live Update 9609 at 15:50:11
Live Update 7138 at 15:50:12
Live Update 5618 at 15:50:13
Live Update 1056 at 15:50:14
Live Update 4421 at 15:50:15
Live Update 3546 at 15:50:16
Live Update 3804 at 15:50:17
Live Update 2344 at 15:50:18
Live Update 7343 at 15:50:19
Live Update 4787 at 15:50:20
Live Update 1620 at 15:50:21
Live Update 5647 at 15:50:22
Live Update 1534 at 15:50:23
Live Update 3363 at 15:50:24
Live Update 4740 at 15:50:25
Live Update 6670 at 15:50:26
Live Update 4464 at 15:50:27
Live Update 6527 at 15:50:28
Live Update 5305 at 15:50:29
Live Update 5233 at 15:50:30
Live Update 2849 at 15:50:31
Live Update 2499 at 15:50:32
Live Update 6232 at 15:50:33
Live Update 1946 at 15:50:34
Live Update 2679 at 15:50:35
Live Update 4050 at 15:50:36
Live Update 9231 at 15:50:37
Live Update 5795 at 15:50:38
Live Update 5170 at 15:50:39
Live Update 9027 at 15:50:40
Live Update 8179 at 15:50:41
Live Update 6769 at 15:50:42
Live Update 4434 at 15:50:43
Live Update 6867 at 15:50:44
Live Update 6092 at 15:50:45
Live Update 7880 at 15:50:46
Live Update 2332 at 15:50:47
Live Update 7960 at 15:50:48
Live Update 3943 at 15:50:49
Live Update 2479 at 15:50:50
Live Update 7840 at 15:50:51
Live Update 9463 at 15:50:52
Live Update 9941 at 15:50:53
Live Update 5423 at 15:50:54
Live Update 3746 at 15:50:56
Live Update 7241 at 15:50:57
Live Update 4550 at 15:50:58
Live Update 1589 at 15:50:59
Live Update 9641 at 15:51:00
Live Update 4540 at 15:51:01
Live Update 1268 at 15:51:02
Live Update 6902 at 15:51:03
Live Update 2830 at 15:51:04
Live Update 1114 at 15:51:05
Live Update 8765 at 15:51:06
Live Update 4767 at 15:51:07
Live Update 2182 at 15:51:08
Live Update 3597 at 15:51:09
Live Update 4775 at 15:51:10
Live Update 6854 at 15:51:11
Live Update 7612 at 15:51:12
Live Update 1929 at 15:51:13
Live Update 1893 at 15:51:14
Live Update 4061 at 15:51:15
Live Update 7584 at 15:51:16
Live Update 2342 at 15:51:17
Live Update 1408 at 15:51:18
Live Update 9751 at 15:51:19
Live Update 2405 at 15:51:20
Live Update 8660 at 15:51:21
Live Update 2799 at 15:51:22
Live Update 2983 at 15:51:23
Live Update 4206 at 15:51:24
Live Update 8128 at 15:51:25
Live Update 8111 at 15:51:26
Live Update 1487 at 15:51:27
Live Update 5195 at 15:51:28
Live Update 4391 at 15:51:29
Live Update 6206 at 15:51:30
Live Update 8457 at 15:51:31
Live Update 1924 at 15:51:32
Live Update 7456 at 15:51:33
Live Update 9602 at 15:51:34
Live Update 9828 at 15:51:35
Live Update 7628 at 15:51:36
Live Update 9188 at 15:51:37
Live Update 9724 at 15:51:38
Live Update 4538 at 15:51:39
Live Update 6954 at 15:51:40
Live Update 4912 at 15:51:41
Live Update 8591 at 15:51:42
Live Update 8310 at 15:51:43
Live Update 3121 at 15:51:44
Live Update 3091 at 15:51:45
Live Update 9703 at 15:51:46
Live Update 9551 at 15:51:47
Live Update 1742 at 15:51:48
Live Update 8050 at 15:51:49
Live Update 1023 at 15:51:50
Live Update 3294 at 15:51:51
Live Update 5137 at 15:51:52
Live Update 7227 at 15:51:53
Live Update 6567 at 15:51:54
Live Update 2466 at 15:51:55
Live Update 1712 at 15:51:56
Live Update 6089 at 15:51:57
Live Update 1118 at 15:51:58
Live Update 6319 at 15:51:59
Live Update 8573 at 15:52:00
Live Update 5085 at 15:52:01
Live Update 1914 at 15:52:02
Live Update 4276 at 15:52:03
Live Update 7194 at 15:52:04
Live Update 6873 at 15:52:05
Live Update 6878 at 15:52:06
Live Update 9705 at 15:52:07
Live Update 9899 at 15:52:08
Live Update 3936 at 15:52:09
Live Update 3503 at 15:52:10
Live Update 3844 at 15:52:11
Live Update 2853 at 15:52:12
Live Update 8151 at 15:52:13
Live Update 8120 at 15:52:14
Live Update 6091 at 15:52:15
Live Update 9337 at 15:52:16
Live Update 8496 at 15:52:17
Live Update 4761 at 15:52:18
Live Update 6559 at 15:52:19
Live Update 1275 at 15:52:20
Live Update 1384 at 15:52:21
Live Update 3603 at 15:52:22
Live Update 2316 at 15:52:23
Live Update 3815 at 15:52:24
Live Update 8028 at 15:52:25
Live Update 4763 at 15:52:26
Live Update 6085 at 15:52:27
Live Update 5554 at 15:52:28
Live Update 7970 at 15:52:29
Live Update 3620 at 15:52:30
Live Update 2376 at 15:52:31
Live Update 3975 at 15:52:32
Live Update 8892 at 15:52:33
Live Update 1850 at 15:52:34
Live Update 5028 at 15:52:35
Live Update 4227 at 15:52:36
Live Update 9800 at 15:52:37
Live Update 5907 at 15:52:38
Live Update 6308 at 15:52:39
Live Update 1807 at 15:52:40
Live Update 8855 at 15:52:41
Live Update 4622 at 15:52:42
Live Update 9706 at 15:52:43
Live Update 2580 at 15:52:44
Live Update 3940 at 15:52:45
Live Update 3828 at 15:52:46
Live Update 1932 at 15:52:47
Live Update 7560 at 15:52:48
Live Update 3212 at 15:52:49
Live Update 3904 at 15:52:50
Live Update 7507 at 15:52:51
Live Update 3356 at 15:52:52
Live Update 2333 at 15:52:53
Live Update 2245 at 15:52:54
Live Update 3170 at 15:52:55
Live Update 7703 at 15:52:56
Live Update 4901 at 15:52:57
Live Update 8176 at 15:52:58
Live Update 9715 at 15:52:59
Live Update 7435 at 15:53:00
Live Update 1038 at 15:53:01
Live Update 4945 at 15:53:02
Live Update 7830 at 15:53:03
Live Update 9583 at 15:53:04
Live Update 8525 at 15:53:05
Live Update 8903 at 15:53:06
Live Update 9488 at 15:53:07
Live Update 5597 at 15:53:08
Live Update 6806 at 15:53:09
Live Update 4471 at 15:53:10
Live Update 9899 at 15:53:11
Live Update 6742 at 15:53:12
Live Update 1483 at 15:53:13
Live Update 3650 at 15:53:14
Live Update 5386 at 15:53:15
Live Update 2715 at 15:53:16
Live Update 9199 at 15:53:17
Live Update 8306 at 15:53:18
Live Update 8486 at 15:53:19
Live Update 6577 at 15:53:20
Live Update 1368 at 15:53:21
Live Update 3215 at 15:53:22
Live Update 1189 at 15:53:23
Live Update 9307 at 15:53:24
Live Update 8990 at 15:53:25
Live Update 3453 at 15:53:26
Live Update 6182 at 15:53:27
Live Update 6401 at 15:53:28
Live Update 5441 at 15:53:29
Live Update 9776 at 15:53:30
Live Update 2752 at 15:53:31
Live Update 8847 at 15:53:32
Live Update 7541 at 15:53:33
Live Update 3038 at 15:53:34
Live Update 7263 at 15:53:35
Live Update 6236 at 15:53:36
Live Update 9271 at 15:53:37
Live Update 7402 at 15:53:38
Live Update 2422 at 15:53:39
Live Update 8288 at 15:53:40
Live Update 9713 at 15:53:41
Live Update 2816 at 15:53:42
Live Update 3227 at 15:53:43
Live Update 6946 at 15:53:44
Live Update 9287 at 15:53:45
Live Update 8721 at 15:53:46
Live Update 4567 at 15:53:47
Live Update 2755 at 15:53:48
Live Update 3518 at 15:53:49
Live Update 8374 at 15:53:50
Live Update 2107 at 15:53:51
Live Update 4565 at 15:53:52
Live Update 1418 at 15:53:53
Live Update 9725 at 15:53:54
Live Update 3852 at 15:53:55
Live Update 7076 at 15:53:56
Live Update 3962 at 15:53:57
Live Update 8217 at 15:53:58
Live Update 3737 at 15:53:59
Live Update 1819 at 15:54:00
Live Update 5601 at 15:54:01
Live Update 6754 at 15:54:02
Live Update 2565 at 15:54:03
Live Update 5228 at 15:54:04
Live Update 8652 at 15:54:05
Live Update 6804 at 15:54:06
Live Update 8887 at 15:54:07
Live Update 2367 at 15:54:08
Live Update 6840 at 15:54:09
Live Update 4039 at 15:54:10
Live Update 6944 at 15:54:11
Live Update 8463 at 15:54:12
Live Update 2669 at 15:54:13
Live Update 1032 at 15:54:14
Live Update 2334 at 15:54:15
Live Update 7521 at 15:54:16
Live Update 4095 at 15:54:17
Live Update 4720 at 15:54:18
Live Update 3835 at 15:54:19
Live Update 9796 at 15:54:20
Live Update 5621 at 15:54:21
Live Update 6124 at 15:54:22
Live Update 9261 at 15:54:23
Live Update 8796 at 15:54:24
Live Update 1250 at 15:54:25
Live Update 6736 at 15:54:26
Live Update 7362 at 15:54:27
Live Update 5193 at 15:54:28
Live Update 4668 at 15:54:29
Live Update 8111 at 15:54:30
Live Update 7479 at 15:54:31
Live Update 5640 at 15:54:32
Live Update 5970 at 15:54:33
Live Update 6015 at 15:54:34
Live Update 7998 at 15:54:35
Live Update 2035 at 15:54:36
Live Update 8791 at 15:54:37
Live Update 6520 at 15:54:38
Live Update 3566 at 15:54:39
Live Update 9036 at 15:54:40
Live Update 7198 at 15:54:41
Live Update 6872 at 15:54:42
Live Update 7797 at 15:54:43
Live Update 7556 at 15:54:44
Live Update 3686 at 15:54:45
Live Update 6757 at 15:54:46
Live Update 3761 at 15:54:47
Live Update 7775 at 15:54:48
Live Update 2335 at 15:54:49
Live Update 1596 at 15:54:50
Live Update 7119 at 15:54:51
Live Update 4180 at 15:54:52
Live Update 3734 at 15:54:53
Live Update 8013 at 15:54:54
Live Update 8482 at 15:54:55
Live Update 7807 at 15:54:56
Live Update 7443 at 15:54:57
Live Update 3292 at 15:54:58
Live Update 3075 at 15:54:59
Live Update 9378 at 15:55:00
Live Update 1191 at 15:55:01
Live Update 9184 at 15:55:02
Live Update 4841 at 15:55:03
Live Update 3190 at 15:55:04
Live Update 9821 at 15:55:05
Live Update 5876 at 15:55:06
Live Update 6586 at 15:55:07
Live Update 9115 at 15:55:08
Live Update 8125 at 15:55:09
Live Update 8241 at 15:55:10
Live Update 2869 at 15:55:11
Live Update 3017 at 15:55:12
Live Update 9309 at 15:55:13
Live Update 3468 at 15:55:14
Live Update 9830 at 15:55:15
Live Update 2830 at 15:55:16
Live Update 8928 at 15:55:17
Live Update 9333 at 15:55:18
Live Update 1855 at 15:55:19
Live Update 3298 at 15:55:20
Live Update 2397 at 15:55:21
Live Update 3322 at 15:55:22
Live Update 9853 at 15:55:23
Live Update 5109 at 15:55:24
Live Update 4212 at 15:55:25
Live Update 7534 at 15:55:26
Live Update 5921 at 15:55:28
Live Update 8086 at 15:55:29
Live Update 3384 at 15:55:30
Live Update 5102 at 15:55:31
Live Update 4432 at 15:55:32
Live Update 1106 at 15:55:33
Live Update 3446 at 15:55:34
Live Update 3479 at 15:55:35
Live Update 5180 at 15:55:36
Live Update 4298 at 15:55:37
Live Update 8164 at 15:55:38
Live Update 7556 at 15:55:39
Live Update 5333 at 15:55:40
Live Update 9987 at 15:55:41
Live Update 7115 at 15:55:42
Live Update 2987 at 15:55:43
Live Update 5015 at 15:55:44
Live Update 2118 at 15:55:45
Live Update 7433 at 15:55:46
Live Update 1567 at 15:55:47
Live Update 7044 at 15:55:48
Live Update 2469 at 15:55:49
Live Update 3406 at 15:55:50
Live Update 7333 at 15:55:51
Live Update 8897 at 15:55:52
Live Update 6643 at 15:55:53
Live Update 8890 at 15:55:54
Live Update 7150 at 15:55:55
Live Update 6301 at 15:55:56
Live Update 8608 at 15:55:57
Live Update 5243 at 15:55:58
Live Update 7582 at 15:55:59
Live Update 6864 at 15:56:00
Live Update 5675 at 15:56:01
Live Update 4940 at 15:56:02
Live Update 5784 at 15:56:03
Live Update 3850 at 15:56:04
Live Update 5605 at 15:56:05
Live Update 7450 at 15:56:06
Live Update 4437 at 15:56:07
Live Update 2997 at 15:56:08
Live Update 3221 at 15:56:09
Live Update 1251 at 15:56:10
Live Update 1278 at 15:56:11
Live Update 4902 at 15:56:12
Live Update 2534 at 15:56:13
Live Update 8274 at 15:56:14
Live Update 6936 at 15:56:15
Live Update 3799 at 15:56:16
Live Update 4681 at 15:56:17
Live Update 3112 at 15:56:18
Live Update 5725 at 15:56:19
Live Update 3613 at 15:56:20
Live Update 9066 at 15:56:21
Live Update 8442 at 15:56:22
Live Update 8372 at 15:56:23
Live Update 3674 at 15:56:24
Live Update 6359 at 15:56:25
Live Update 3595 at 15:56:26
Live Update 7033 at 15:56:27
Live Update 2336 at 15:56:28
Live Update 8063 at 15:56:29
Live Update 2550 at 15:56:30
Live Update 7788 at 15:56:31
Live Update 7911 at 15:56:32
Live Update 3249 at 15:56:33
Live Update 3197 at 15:56:34
Live Update 2142 at 15:56:35
Live Update 5194 at 15:56:36
Live Update 3044 at 15:56:37
Live Update 7798 at 15:56:38
Live Update 1001 at 15:56:39
Live Update 6934 at 15:56:40
Live Update 2948 at 15:56:41
Live Update 4373 at 15:56:42
Live Update 6323 at 15:56:43
Live Update 1916 at 15:56:44
Live Update 1394 at 15:56:45
Live Update 2414 at 15:56:46
Live Update 7962 at 15:56:47
Live Update 6392 at 15:56:48
Live Update 1378 at 15:56:49
Live Update 8547 at 15:56:50
Live Update 7492 at 15:56:51
Live Update 5484 at 15:56:52
Live Update 8159 at 15:56:53
Live Update 8692 at 15:56:54
Live Update 2199 at 15:56:55
Live Update 1972 at 15:56:56
Live Update 1819 at 15:56:57
Live Update 3496 at 15:56:58
Live Update 3490 at 15:56:59
Live Update 8138 at 15:57:00
Live Update 7020 at 15:57:01
Live Update 7692 at 15:57:02
Live Update 7742 at 15:57:03
Live Update 7410 at 15:57:04
Live Update 3492 at 15:57:05
Live Update 9389 at 15:57:06
Live Update 2984 at 15:57:07
Live Update 2507 at 15:57:08
Live Update 7387 at 15:57:09
Live Update 8071 at 15:57:10
Live Update 6408 at 15:57:11
Live Update 8514 at 15:57:12
Live Update 7211 at 15:57:13
Live Update 4919 at 15:57:14
Live Update 9058 at 15:57:15
Live Update 9003 at 15:57:16
Live Update 4258 at 15:57:17
Live Update 2040 at 15:57:18
Live Update 7455 at 15:57:19
Live Update 6067 at 15:57:20
Live Update 5042 at 15:57:21
Live Update 1071 at 15:57:22
Live Update 6520 at 15:57:23
Live Update 1024 at 15:57:24
Live Update 9963 at 15:57:25
Live Update 5064 at 15:57:26
Live Update 9420 at 15:57:27
Live Update 9831 at 15:57:28
Live Update 1616 at 15:57:29
Live Update 2541 at 15:57:30
Live Update 5900 at 15:57:31
Live Update 1921 at 15:57:32
Live Update 8530 at 15:57:33
Live Update 8522 at 15:57:34
Live Update 7689 at 15:57:35
Live Update 7569 at 15:57:36
Live Update 3572 at 15:57:37
Live Update 6532 at 15:57:38
Live Update 7913 at 15:57:39
Live Update 3055 at 15:57:40
Live Update 7920 at 15:57:41
Live Update 7915 at 15:57:42
Live Update 8578 at 15:57:43
Live Update 4422 at 15:57:44
Live Update 5938 at 15:57:45
Live Update 2464 at 15:57:46
Live Update 3645 at 15:57:47
Live Update 8298 at 15:57:48
Live Update 7686 at 15:57:49
Live Update 6355 at 15:57:50
Live Update 4760 at 15:57:51
Live Update 7754 at 15:57:52
Live Update 7166 at 15:57:53
Live Update 5521 at 15:57:54
Live Update 3284 at 15:57:55
Live Update 4018 at 15:57:56
Live Update 8560 at 15:57:57
Live Update 1594 at 15:57:58
Live Update 6156 at 15:57:59
Live Update 5262 at 15:58:00
Live Update 1167 at 15:58:01
Live Update 4569 at 15:58:02
Live Update 9185 at 15:58:03
Live Update 1444 at 15:58:04
Live Update 4943 at 15:58:05
Live Update 9128 at 15:58:06
Live Update 9985 at 15:58:07
Live Update 2692 at 15:58:08
Live Update 4176 at 15:58:09
Live Update 4629 at 15:58:10
Live Update 3614 at 15:58:11
Live Update 9753 at 15:58:12
Live Update 6640 at 15:58:13
Live Update 6627 at 15:58:14
Live Update 5954 at 15:58:15
Live Update 5710 at 15:58:16
Live Update 6389 at 15:58:17
Live Update 3046 at 15:58:18
Live Update 8353 at 15:58:19
Live Update 5140 at 15:58:20
Live Update 5972 at 15:58:21
Live Update 6625 at 15:58:22
Live Update 2143 at 15:58:23
Live Update 1526 at 15:58:24
Live Update 6752 at 15:58:25
Live Update 1971 at 15:58:26
Live Update 1990 at 15:58:27
Live Update 4066 at 15:58:28
Live Update 4290 at 15:58:29
Live Update 7080 at 15:58:30
Live Update 9339 at 15:58:31
Live Update 3005 at 15:58:32
Live Update 4117 at 15:58:33
Live Update 2590 at 15:58:34
Live Update 2207 at 15:58:35
Live Update 2726 at 15:58:36
Live Update 5573 at 15:58:37
Live Update 1814 at 15:58:38
Live Update 1291 at 15:58:39
Live Update 8824 at 15:58:40
Live Update 6286 at 15:58:41
Live Update 3626 at 15:58:42
Live Update 6744 at 15:58:43
Live Update 4553 at 15:58:44
Live Update 6308 at 15:58:45
Live Update 9710 at 15:58:46
Live Update 7891 at 15:58:47
Live Update 1252 at 15:58:48
Live Update 5901 at 15:58:49
Live Update 6592 at 15:58:50
Live Update 5564 at 15:58:51
Live Update 9149 at 15:58:52
Live Update 2183 at 15:58:53
Live Update 3040 at 15:58:54
Live Update 7955 at 15:58:55
Live Update 4156 at 15:58:56
Live Update 8349 at 15:58:57
Live Update 8359 at 15:58:58
Live Update 8193 at 15:58:59
Live Update 1354 at 15:59:00
Live Update 1784 at 15:59:01
Live Update 6941 at 15:59:02
Live Update 4789 at 15:59:03
Live Update 9330 at 15:59:04
Live Update 6470 at 15:59:05
Live Update 6395 at 15:59:06
Live Update 2314 at 15:59:07
Live Update 5983 at 15:59:08
Live Update 6483 at 15:59:09
Live Update 5089 at 15:59:10
Live Update 1762 at 15:59:11
Live Update 1032 at 15:59:12
Live Update 5441 at 15:59:13
Live Update 7363 at 15:59:14
Live Update 5773 at 15:59:15
Live Update 7780 at 15:59:16
Live Update 9150 at 15:59:17
Live Update 6857 at 15:59:18
Live Update 8291 at 15:59:19
Live Update 6157 at 15:59:20
Live Update 9350 at 15:59:21
Live Update 2246 at 15:59:22
Live Update 3940 at 15:59:23
Live Update 2217 at 15:59:24
Live Update 1914 at 15:59:25
Live Update 7655 at 15:59:26
Live Update 3712 at 15:59:27
Live Update 4502 at 15:59:28
Live Update 7836 at 15:59:29
Live Update 5604 at 15:59:30
Live Update 7834 at 15:59:31
Live Update 6741 at 15:59:32
Live Update 2064 at 15:59:33
Live Update 7152 at 15:59:34
Live Update 4636 at 15:59:35
Live Update 9033 at 15:59:36
Live Update 8759 at 15:59:37
Live Update 5421 at 15:59:38
Live Update 1986 at 15:59:39
Live Update 4793 at 15:59:40
Live Update 1027 at 15:59:41
Live Update 3234 at 15:59:42
Live Update 8749 at 15:59:43
Live Update 5999 at 15:59:44
Live Update 1722 at 15:59:45
Live Update 9831 at 15:59:46
Live Update 2161 at 15:59:47
Live Update 8563 at 15:59:48
Live Update 4073 at 15:59:49
Live Update 3250 at 15:59:50
Live Update 9416 at 15:59:51
Live Update 8919 at 15:59:52
Live Update 3935 at 15:59:53
Live Update 4893 at 15:59:54
Live Update 5710 at 15:59:55
Live Update 7118 at 15:59:56
Live Update 4993 at 15:59:57
Live Update 9964 at 15:59:58
Live Update 7679 at 15:59:59
Live Update 8108 at 16:00:00
Live Update 7383 at 16:00:01
Live Update 1231 at 16:00:02
Live Update 1936 at 16:00:03
Live Update 4575 at 16:00:04
Live Update 5016 at 16:00:05
Live Update 6348 at 16:00:06
Live Update 1887 at 16:00:07
Live Update 9326 at 16:00:09
Live Update 6144 at 16:00:10
Live Update 2450 at 16:00:11
Live Update 4541 at 16:00:12
Live Update 1733 at 16:00:13
Live Update 2547 at 16:00:14
Live Update 3788 at 16:00:15
Live Update 2726 at 16:00:16
Live Update 3694 at 16:00:17
Live Update 9485 at 16:00:18
Live Update 2642 at 16:00:19
Live Update 8933 at 16:00:20
Live Update 5339 at 16:00:21
Live Update 8406 at 16:00:22
Live Update 9343 at 16:00:23
Live Update 3613 at 16:00:24
Live Update 1610 at 16:00:25
Live Update 8897 at 16:00:26
Live Update 5936 at 16:00:27
Live Update 1879 at 16:00:28
Live Update 2403 at 16:00:29
Live Update 2296 at 16:00:30
Live Update 7354 at 16:00:31
Live Update 9863 at 16:00:32
Live Update 1553 at 16:00:33
Live Update 2044 at 16:00:34
Live Update 5571 at 16:00:35
Live Update 9269 at 16:00:36
Live Update 8227 at 16:00:37
Live Update 6081 at 16:00:38
Live Update 4925 at 16:00:39
Live Update 3590 at 16:00:40
Live Update 6066 at 16:00:41
Live Update 5381 at 16:00:42
Live Update 5084 at 16:00:43
Live Update 9715 at 16:00:44
Live Update 6117 at 16:00:45
Live Update 4056 at 16:00:46
Live Update 1784 at 16:00:47
Live Update 3087 at 16:00:48
Live Update 7262 at 16:00:49
Live Update 9878 at 16:00:50
Live Update 9033 at 16:00:51
Live Update 3041 at 16:00:52
Live Update 6149 at 16:00:53
Live Update 8995 at 16:00:54
Live Update 2828 at 16:00:55
Live Update 8654 at 16:00:56
Live Update 6727 at 16:00:57
Live Update 2047 at 16:00:58
Live Update 7817 at 16:00:59
Live Update 4970 at 16:01:00
Live Update 4712 at 16:01:01
Live Update 6857 at 16:01:02
Live Update 2098 at 16:01:03
Live Update 4905 at 16:01:04
Live Update 2627 at 16:01:05
Live Update 1070 at 16:01:06
Live Update 1938 at 16:01:07
Live Update 9620 at 16:01:08
Live Update 3354 at 16:01:09
Live Update 7393 at 16:01:10
Live Update 6314 at 16:01:11
Live Update 4562 at 16:01:12
Live Update 4817 at 16:01:13
Live Update 3866 at 16:01:14
Live Update 5187 at 16:01:15
Live Update 2846 at 16:01:16
Live Update 4287 at 16:01:17
Live Update 6454 at 16:01:18
Live Update 2380 at 16:01:19
Live Update 6155 at 16:01:20
Live Update 9477 at 16:01:21
Live Update 2920 at 16:01:22
Live Update 7271 at 16:01:23
Live Update 3641 at 16:01:24
Live Update 3134 at 16:01:25
Live Update 6894 at 16:01:26
Live Update 9335 at 16:01:27
Live Update 5434 at 16:01:28
Live Update 2046 at 16:01:29
Live Update 7779 at 16:01:30
Live Update 5017 at 16:01:31
Live Update 3677 at 16:01:32
Live Update 8294 at 16:01:33
Live Update 6446 at 16:01:34
Live Update 5972 at 16:01:35
Live Update 1894 at 16:01:36
Live Update 3601 at 16:01:37
Live Update 3716 at 16:01:38
Live Update 6122 at 16:01:39
Live Update 8785 at 16:01:40
Live Update 7660 at 16:01:41
Live Update 9579 at 16:01:42
Live Update 6516 at 16:01:43
Live Update 7056 at 16:01:44
Live Update 3211 at 16:01:45
Live Update 4971 at 16:01:46
Live Update 1642 at 16:01:47
Live Update 6681 at 16:01:48
Live Update 2351 at 16:01:49
Live Update 8008 at 16:01:50
Live Update 8485 at 16:01:51
Live Update 2105 at 16:01:52
Live Update 1894 at 16:01:53
Live Update 5040 at 16:01:54
Live Update 3274 at 16:01:55
Live Update 3370 at 16:01:56
Live Update 8376 at 16:01:57
Live Update 7669 at 16:01:58
Live Update 5710 at 16:01:59
Live Update 5512 at 16:02:00
Live Update 6136 at 16:02:01
Live Update 9779 at 16:02:02
Live Update 1741 at 16:02:03
Live Update 5839 at 16:02:04
Live Update 2735 at 16:02:05
Live Update 6583 at 16:02:06
Live Update 5641 at 16:02:07
Live Update 2059 at 16:02:08
Live Update 3001 at 16:02:09
Live Update 3884 at 16:02:10
Live Update 6047 at 16:02:11
Live Update 8729 at 16:02:12
Live Update 9843 at 16:02:13
Live Update 8342 at 16:02:14
Live Update 4728 at 16:02:15
Live Update 6393 at 16:02:16
Live Update 8644 at 16:02:17
Live Update 5873 at 16:02:18
Live Update 7662 at 16:02:19
Live Update 7330 at 16:02:20
Live Update 8867 at 16:02:21
Live Update 7960 at 16:02:22
Live Update 2913 at 16:02:23
Live Update 5343 at 16:02:24
Live Update 4436 at 16:02:25
Live Update 6672 at 16:02:26
Live Update 3839 at 16:02:27
Live Update 4712 at 16:02:28
Live Update 8723 at 16:02:29
Live Update 3359 at 16:02:30
Live Update 2303 at 16:02:31
Live Update 7958 at 16:02:32
Live Update 7452 at 16:02:33
Live Update 2503 at 16:02:34
Live Update 1582 at 16:02:35
Live Update 6783 at 16:02:36
Live Update 7183 at 16:02:37
Live Update 5331 at 16:02:38
Live Update 4688 at 16:02:39
Live Update 6905 at 16:02:40
Live Update 4333 at 16:02:41
Live Update 9627 at 16:02:42
Live Update 6657 at 16:02:43
Live Update 5354 at 16:02:44
Live Update 7466 at 16:02:45
Live Update 9130 at 16:02:46
Live Update 3860 at 16:02:47
Live Update 4243 at 16:02:48
Live Update 3491 at 16:02:49
Live Update 9687 at 16:02:50
Live Update 7212 at 16:02:51
Live Update 8802 at 16:02:52
Live Update 6181 at 16:02:53
Live Update 5502 at 16:02:54
Live Update 1080 at 16:02:55
Live Update 5140 at 16:02:56
Live Update 8483 at 16:02:57
Live Update 7060 at 16:02:58
Live Update 3780 at 16:02:59
Live Update 1733 at 16:03:00
Live Update 7752 at 16:03:01
Live Update 3782 at 16:03:02
Live Update 3041 at 16:03:03
Live Update 8422 at 16:03:04
Live Update 5266 at 16:03:05
Live Update 4348 at 16:03:06
Live Update 4058 at 16:03:07
Live Update 9077 at 16:03:08
Live Update 6863 at 16:03:09
Live Update 1008 at 16:03:10
Live Update 4470 at 16:03:11
Live Update 7385 at 16:03:12
Live Update 8335 at 16:03:13
Live Update 5027 at 16:03:14
Live Update 7628 at 16:03:15
Live Update 1706 at 16:03:16
Live Update 3919 at 16:03:17
Live Update 2510 at 16:03:18
Live Update 7622 at 16:03:19
Live Update 1144 at 16:03:20
Live Update 8185 at 16:03:21
Live Update 3310 at 16:03:22
Live Update 5502 at 16:03:23
Live Update 4159 at 16:03:24
Live Update 9190 at 16:03:25
Live Update 6487 at 16:03:26
Live Update 2167 at 16:03:27
Live Update 3472 at 16:03:28
Live Update 8036 at 16:03:29
Live Update 9535 at 16:03:30
Live Update 8155 at 16:03:31
Live Update 6277 at 16:03:32
Live Update 5827 at 16:03:33
Live Update 7504 at 16:03:34
Live Update 2488 at 16:03:35
Live Update 4661 at 16:03:36
Live Update 6679 at 16:03:37
Live Update 9456 at 16:03:38
Live Update 1704 at 16:03:39
Live Update 8168 at 16:03:40
Live Update 3669 at 16:03:41
Live Update 4042 at 16:03:42
Live Update 9429 at 16:03:43
Live Update 2622 at 16:03:44
Live Update 6852 at 16:03:45
Live Update 2701 at 16:03:46
Live Update 3954 at 16:03:47
Live Update 7174 at 16:03:48
Live Update 5175 at 16:03:49
Live Update 9755 at 16:03:50
Live Update 6324 at 16:03:51
Live Update 4050 at 16:03:52
Live Update 2360 at 16:03:53
Live Update 5768 at 16:03:54
Live Update 5974 at 16:03:55
Live Update 5251 at 16:03:56
Live Update 2319 at 16:03:57
Live Update 7176 at 16:03:58
Live Update 1153 at 16:03:59
Live Update 4318 at 16:04:00
Live Update 8459 at 16:04:01
Live Update 1227 at 16:04:02
Live Update 8965 at 16:04:03
Live Update 7876 at 16:04:04
Live Update 1581 at 16:04:05
Live Update 2538 at 16:04:06
Live Update 8705 at 16:04:07
Live Update 7995 at 16:04:08
Live Update 5543 at 16:04:09
Live Update 5271 at 16:04:10
Live Update 4461 at 16:04:11
Live Update 4266 at 16:04:12
Live Update 9033 at 16:04:13
Live Update 9941 at 16:04:14
Live Update 1606 at 16:04:15
Live Update 6097 at 16:04:16
Live Update 9700 at 16:04:17
Live Update 3125 at 16:04:18
Live Update 4008 at 16:04:19
Live Update 2405 at 16:04:20
Live Update 3516 at 16:04:21
Live Update 1443 at 16:04:22
Live Update 8354 at 16:04:23
Live Update 3200 at 16:04:24
Live Update 8552 at 16:04:25
Live Update 3054 at 16:04:26
Live Update 2783 at 16:04:27
Live Update 6884 at 16:04:28
